[web.archive.org/web/20070707122939/http_/www.roblox.com/index.html]
[web-static.archive.org/_static/js/bundle-playbackbc40.js]
[web-static.archive.org/_static/js/wombatbc40.js]
[web-static.archive.org/_static/css/banner-stylesbc40.css]
[web-static.archive.org/_static/js/ruffle/ruffle.js]
[backblue.gif]
[fade.gif]
[index.html]
[web-static.archive.org/_static/css/iconochivebc40.css]
[web.archive.org/web/20110330235907js_/http_/www.roblox.com/UI/IE6Hack.js]
[web.archive.org/web/20070705185338js_/http_/pagead2.googlesyndication.com/pagead/show_ads.js]
[web.archive.org/web/20071021181906im_/http_/www.roblox.com/images/Logo_267_70.png]
[web.archive.org/web/20071021182338im_/http_/www.roblox.com/images/SignupBanner.png]
[web.archive.org/web/20071021182227im_/http_/www.roblox.com/images/feed-icons/feed-icon-14x14.png]
[web.archive.org/web/20070820225845im_/http_/www.roblox.com/images/figure.png]
[web.archive.org/web/20070422032027im_/http_/www.roblox.com/images/DownloadAndPlay.png]
[web.archive.org/web/20070821161537im_/http_/www.roblox.com/images/COPPASeal-150x150.png]
[web.archive.org/web/20070914235204im_/http_/t6.roblox.com/Place-120x70-80e1aa365300ee7d1d4e5d8144f7cd43.png]
[web.archive.org/web/20070914235211im_/http_/t2.roblox.com/Place-120x70-1afd750472d4ff2ff6cae824880fbbfa.png]
[web.archive.org/web/20070914235207im_/http_/t3.roblox.com/Place-120x70-ebf06a1dd10675afc1c2913ba9fa7a13.png]
[web.archive.org/web/20070914235206im_/http_/t5.roblox.com/Place-120x70-669b6da8fbd50a1bacad2b5593b30661.png]
[web.archive.org/web/20070914235205im_/http_/t5.roblox.com/Place-120x70-aad6f82352d12de80ab0933cf3e09aaf.png]
[web.archive.org/web/20070707122939/http_/www.roblox.com/index.html]
[web-static.archive.org/_static/css/banner-stylesbc40.css]
[web-static.archive.org/_static/css/iconochivebc40.css]
[web.archive.org/web/20110330235907js_/http_/www.roblox.com/UI/IE6Hack.html]
[t2.roblox.com/blank-267x70.gif]
[t1.roblox.com/blank-115x130.gif]
